Traceback (most recent call last):
  File "<stdin>", line 2, in <module>
Exception: This shiet doesn't work
